
> ai-key-scheduler-monorepo@0.3.2 typecheck
> npm run build --workspace @ai-key-scheduler/core && npm run typecheck --workspace @ai-key-scheduler/core && npm run typecheck --workspace @ai-key-scheduler/ai-sdk && npm run typecheck --workspace @ai-key-scheduler/langchain


> @ai-key-scheduler/core@0.3.2 build
> npm run clean && tsc -p tsconfig.esm.json && tsc -p tsconfig.cjs.json && tsc -p tsconfig.types.json && node ../../scripts/fix-cjs-extensions.cjs


> @ai-key-scheduler/core@0.3.2 clean
> rimraf dist


> @ai-key-scheduler/core@0.3.2 typecheck
> tsc -p tsconfig.json --noEmit


> @ai-key-scheduler/ai-sdk@0.3.2 typecheck
> tsc -p tsconfig.json --noEmit


> @ai-key-scheduler/langchain@0.3.2 typecheck
> tsc -p tsconfig.json --noEmit

